E:\Programacion\Area de Trabajo\Estudio\Java\divinaComediaBack\src\main\java\com\segioarboleda\divinacomedia\app\model\Order.java
E:\Programacion\Area de Trabajo\Estudio\Java\divinaComediaBack\src\main\java\com\segioarboleda\divinacomedia\DivinacomediaApplication.java
E:\Programacion\Area de Trabajo\Estudio\Java\divinaComediaBack\src\main\java\com\segioarboleda\divinacomedia\app\repositories\crud\HairProductCrudRepository.java
E:\Programacion\Area de Trabajo\Estudio\Java\divinaComediaBack\src\main\java\com\segioarboleda\divinacomedia\app\repositories\OrderRepository.java
E:\Programacion\Area de Trabajo\Estudio\Java\divinaComediaBack\src\main\java\com\segioarboleda\divinacomedia\app\controller\HairProductController.java
E:\Programacion\Area de Trabajo\Estudio\Java\divinaComediaBack\src\main\java\com\segioarboleda\divinacomedia\app\controller\UserController.java
E:\Programacion\Area de Trabajo\Estudio\Java\divinaComediaBack\src\main\java\com\segioarboleda\divinacomedia\app\repositories\UserRepository.java
E:\Programacion\Area de Trabajo\Estudio\Java\divinaComediaBack\src\main\java\com\segioarboleda\divinacomedia\app\services\UserService.java
E:\Programacion\Area de Trabajo\Estudio\Java\divinaComediaBack\src\main\java\com\segioarboleda\divinacomedia\app\repositories\crud\UserCrudRepository.java
E:\Programacion\Area de Trabajo\Estudio\Java\divinaComediaBack\src\main\java\com\segioarboleda\divinacomedia\app\services\OrderService.java
E:\Programacion\Area de Trabajo\Estudio\Java\divinaComediaBack\src\main\java\com\segioarboleda\divinacomedia\app\model\User.java
E:\Programacion\Area de Trabajo\Estudio\Java\divinaComediaBack\src\main\java\com\segioarboleda\divinacomedia\app\repositories\crud\OrderCrudRepositiry.java
E:\Programacion\Area de Trabajo\Estudio\Java\divinaComediaBack\src\main\java\com\segioarboleda\divinacomedia\app\services\HairProductService.java
E:\Programacion\Area de Trabajo\Estudio\Java\divinaComediaBack\src\main\java\com\segioarboleda\divinacomedia\app\model\HairProduct.java
E:\Programacion\Area de Trabajo\Estudio\Java\divinaComediaBack\src\main\java\com\segioarboleda\divinacomedia\app\controller\OrderController.java
E:\Programacion\Area de Trabajo\Estudio\Java\divinaComediaBack\src\main\java\com\segioarboleda\divinacomedia\app\repositories\HairProductRepository.java
